// Jest Snapshot v1, https://goo.gl/fbAQLP

exports[`CreateWebsiteSection should render correctly 1`] = `
<CreateWebsiteSection
  createSectionDispatch={[MockFunction]}
  history={
    Object {
      "push": [MockFunction],
    }
  }
  sections={
    Array [
      Object {
        "__v": 0,
        "_id": "5c9fdcf69c5e1a0d891d506e",
        "array": Array [],
        "body": "test",
        "category": "test",
        "dateCreated": "1553980662739",
        "dateIn": "124231221",
        "files": Array [
          Object {
            "title": "sample file",
            "url": "https://iviidev.info/downloads/files/sample.pdf",
          },
        ],
        "heading1": "test1",
        "images": Array [
          "https://iviidev.info/downloads/images/sample.jpg",
        ],
        "pinned": false,
      },
    ]
  }
>
  <InputForm
    addCloudinaryImage={[Function]}
    addCloudinaryRawFile={[Function]}
    addRow={[Function]}
    allEntities={
      Array [
        Object {
          "__v": 0,
          "_id": "5c9fdcf69c5e1a0d891d506e",
          "array": Array [],
          "body": "test",
          "category": "test",
          "dateCreated": "1553980662739",
          "dateIn": "124231221",
          "files": Array [
            Object {
              "title": "sample file",
              "url": "https://iviidev.info/downloads/files/sample.pdf",
            },
          ],
          "heading1": "test1",
          "images": Array [
            "https://iviidev.info/downloads/images/sample.jpg",
          ],
          "pinned": false,
        },
      ]
    }
    entity={
      Object {
        "category": "DEVOTIONAL",
        "files": Array [],
        "images": Array [],
        "tags": Array [],
        "videos": Array [],
      }
    }
    isNew={true}
    onArrayChange={[Function]}
    onBooleanValueChanged={[Function]}
    onChange={[Function]}
    onSubmit={[Function]}
    onTagAdd={[Function]}
    onTagDelete={[Function]}
    onTagDrag={[Function]}
    removeRow={[Function]}
    tagSuggestions={Array []}
    title="Create New Website Section"
  >
    <div>
      <h1>
        Create New Website Section
      </h1>
      <form
        className="inputForm"
        id="customInputForm"
        onSubmit={[Function]}
      >
        <div
          className="form-group"
          key="0"
        >
          <div>
            <input
              checked={false}
              className="form-control"
              id="pinned"
              name="pinned"
              onChange={[Function]}
              type="checkbox"
            />
          </div>
          <div>
            Pinned
          </div>
        </div>
        <div
          className="form-group"
          key="1"
        >
          <div>
            Images
            <span
              className="red"
              title="Required"
            >
               *
            </span>
          </div>
          <button
            className="btn btn-sm m-2 btn-outline-primary"
            id="addRowBt"
            onClick={[Function]}
            type="button"
          >
            Upload Image
          </button>
        </div>
        <div
          className="form-group"
          key="2"
        >
          <div>
            Category
            <span
              className="red"
              title="Required"
            >
               *
            </span>
          </div>
          <select
            className="form-control"
            id="category"
            name="category"
            onChange={[Function]}
            required={true}
            value="DEVOTIONAL"
          >
            <option
              key="0"
              value="DEVOTIONAL"
            >
              DEVOTIONAL
            </option>
            <option
              key="1"
              value="SKILL OF PROBLEM SOLVING"
            >
              SKILL OF PROBLEM SOLVING
            </option>
            <option
              key="2"
              value="SKILL OF KNOWING AND LIVING WITH ONESELF"
            >
              SKILL OF KNOWING AND LIVING WITH ONESELF
            </option>
            <option
              key="3"
              value="SKILL OF KNOWING AND LIVING WITH OTHERS"
            >
              SKILL OF KNOWING AND LIVING WITH OTHERS
            </option>
            <option
              key="4"
              value="RESOURCE"
            >
              RESOURCE
            </option>
            <option
              key="5"
              value="QUIZ"
            >
              QUIZ
            </option>
            <option
              key="6"
              value="GALLERY"
            >
              GALLERY
            </option>
            <option
              key="7"
              value="ABOUT"
            >
              ABOUT
            </option>
            <option
              key="8"
              value="CAROUSEL"
            >
              CAROUSEL
            </option>
            <option
              key="9"
              value="CONTACT"
            >
              CONTACT
            </option>
          </select>
        </div>
        <div
          className="form-group"
          key="3"
        >
          <div>
            Date
          </div>
          <input
            className="form-control"
            defaultValue=""
            id="dateIn"
            name="dateIn"
            onChange={[Function]}
            type="date"
          />
        </div>
        <div
          className="form-group"
          key="4"
        >
          <div>
            Heading
          </div>
          <input
            className="form-control"
            defaultValue=""
            id="heading1"
            name="heading1"
            onChange={[Function]}
            type="text"
          />
        </div>
        <div
          className="form-group"
          key="5"
        >
          <div>
            Body
            <span
              className="red"
              title="Required"
            >
               *
            </span>
          </div>
          <textarea
            className="form-control"
            id="body"
            name="body"
            onChange={[Function]}
            required={true}
            rows="10"
            value=""
          />
        </div>
        <div
          className="form-group"
          key="6"
        >
          <div>
            Files
          </div>
          <div>
            <div
              className="groupedValues"
            />
          </div>
          <button
            className="btn btn-sm m-2 btn-outline-primary"
            id="addRowBt"
            onClick={[Function]}
            type="button"
          >
            Add Another
          </button>
        </div>
        <div
          className="form-group"
          key="7"
        >
          <div>
            Youtube Videos
          </div>
          <div>
            <div
              className="groupedValues"
            />
          </div>
          <button
            className="btn btn-sm m-2 btn-outline-primary"
            id="addRowBt"
            onClick={[Function]}
            type="button"
          >
            Add Another
          </button>
        </div>
        <div
          className="mb-2"
        >
          <span
            className="red"
            title="Required"
          >
             * 
          </span>
          <span>
            Required Fields
          </span>
        </div>
        <button
          className="btn btn-primary mr-3"
          type="submit"
        >
          Save
        </button>
        <button
          className="btn btn-primary"
          onClick={[Function]}
          type="button"
        >
          Save & Create Another
        </button>
      </form>
    </div>
  </InputForm>
</CreateWebsiteSection>
`;
